// Jest Snapshot v1, https://goo.gl/fbAQLP

exports[`Link changes the class when hovered 1`] = `
<h1
  className="margin-10px"
>
  Flight Search Engine
</h1>
`;
